ATTR YA GSE298393:GSM9013398 training_ground_mean_TPM steps 16 passed True residual -6.9e-05 elapsed 44.7
ATTR YA GSE298393:GSM9013398 training_all_mean_TPM steps 16 passed True residual -5.4e-05 elapsed 70.8
ATTR YA GSE298393:GSM9013399 training_ground_mean_TPM steps 16 passed True residual 0.0 elapsed 112.2
ATTR YA GSE298393:GSM9013399 training_all_mean_TPM steps 16 passed True residual 1.3e-05 elapsed 138.3
ATTR YA GSE298393:GSM9013400 training_ground_mean_TPM steps 16 passed True residual 2.3e-05 elapsed 179.8
ATTR YA GSE298393:GSM9013400 training_all_mean_TPM steps 16 passed True residual 4.1e-05 elapsed 205.9
ATTR YA GSE298393:GSM9013410 training_ground_mean_TPM steps 16 passed True residual 1.7e-05 elapsed 247.3
ATTR YA GSE298393:GSM9013410 training_all_mean_TPM steps 16 passed True residual 3.6e-05 elapsed 273.5
ATTR YA GSE298393:GSM9013411 training_ground_mean_TPM steps 16 passed True residual 2.2e-05 elapsed 315.0
ATTR YA GSE298393:GSM9013411 training_all_mean_TPM steps 16 passed True residual 4.3e-05 elapsed 341.2
ATTR YA GSE298393:GSM9013412 training_ground_mean_TPM steps 16 passed True residual 2e-06 elapsed 382.7
ATTR YA GSE298393:GSM9013412 training_all_mean_TPM steps 16 passed True residual 1.9e-05 elapsed 408.9
ATTR OS GSE298393:GSM9013395 training_ground_mean_TPM steps 16 passed True residual 8e-06 elapsed 453.5
ATTR OS GSE298393:GSM9013395 training_all_mean_TPM steps 16 passed True residual 1.9e-05 elapsed 479.7
ATTR OS GSE298393:GSM9013396 training_ground_mean_TPM steps 16 passed True residual -2.4e-05 elapsed 521.2
ATTR OS GSE298393:GSM9013396 training_all_mean_TPM steps 16 passed True residual -9e-06 elapsed 547.4
ATTR OS GSE298393:GSM9013397 training_ground_mean_TPM steps 16 passed True residual -4.1e-05 elapsed 588.9
ATTR OS GSE298393:GSM9013397 training_all_mean_TPM steps 16 passed True residual -2.6e-05 elapsed 615.2
ATTR OS GSE298393:GSM9013404 training_ground_mean_TPM steps 16 passed True residual -1.1e-05 elapsed 656.7
ATTR OS GSE298393:GSM9013404 training_all_mean_TPM steps 16 passed True residual 0.0 elapsed 683.0
ATTR OS GSE298393:GSM9013405 training_ground_mean_TPM steps 16 passed True residual -2.6e-05 elapsed 724.5
ATTR OS GSE298393:GSM9013405 training_all_mean_TPM steps 16 passed True residual -1.4e-05 elapsed 750.7
ATTR OS GSE298393:GSM9013406 training_ground_mean_TPM steps 16 passed True residual -2.2e-05 elapsed 792.3
ATTR OS GSE298393:GSM9013406 training_all_mean_TPM steps 16 passed True residual -1e-05 elapsed 818.6
