Traceback (most recent call last):
  File "/media/volume/moe-reboot/fa26_space_head_attribution_20260914/space_head_attribution.py", line 89, in <module>
    else:run(a.folder,a.checkpoint,a.official,a.config)
  File "/media/volume/moe-reboot/fa26_space_head_attribution_20260914/space_head_attribution.py", line 49, in run
    fref=evalscore(ref,w,b);prev=ig(sample,ref,w,b,8);chosen=None
  File "/media/volume/moe-reboot/fa26_space_head_attribution_20260914/space_head_attribution.py", line 40, in ig
    point=torch.tensor((ref+alpha*delta)[None],device='cuda',requires_grad=True);s=score(point,w,b);g=torch.autograd.grad(s,point)[0].detach().cpu().numpy()[0];assert np.isfinite(g).all();total+=weight*g
  File "/media/volume/moe-reboot/fa26_space_head_attribution_20260914/space_head_attribution.py", line 34, in score
    h=model._encode_hidden(z);emb=torch.cat([h.mean(1),h.std(1,unbiased=False)],1);return emb.double()@w+b
  File "/media/volume/moe-reboot/fa26_pattern_pilot_20260911/bridge-rna-latest/upstream_embeddings/src/fm_embed/inference_model.py", line 92, in _encode_hidden
    hidden = layer(hidden)
  File "/home/exouser/moe-env/lib/python3.10/site-packages/torch/nn/modules/module.py", line 1739, in _wrapped_call_impl
    return self._call_impl(*args, **kwargs)
  File "/home/exouser/moe-env/lib/python3.10/site-packages/torch/nn/modules/module.py", line 1750, in _call_impl
    return forward_call(*args, **kwargs)
  File "/media/volume/moe-reboot/fa26_pattern_pilot_20260911/bridge-rna-latest/upstream_embeddings/src/fm_embed/inference_model.py", line 47, in forward
    hidden = self.norm1(x)
  File "/home/exouser/moe-env/lib/python3.10/site-packages/torch/nn/modules/module.py", line 1739, in _wrapped_call_impl
    return self._call_impl(*args, **kwargs)
  File "/home/exouser/moe-env/lib/python3.10/site-packages/torch/nn/modules/module.py", line 1750, in _call_impl
    return forward_call(*args, **kwargs)
  File "/home/exouser/moe-env/lib/python3.10/site-packages/torch/nn/modules/normalization.py", line 217, in forward
    return F.layer_norm(
  File "/home/exouser/moe-env/lib/python3.10/site-packages/torch/nn/functional.py", line 2910, in layer_norm
    return torch.layer_norm(
RuntimeError: expected scalar type Double but found Float
